Decodes and prints system information from the SMBIOS

Usage: dmitool [OPTIONS]

Options:
  -0                   print table 0 via the /sys/firmware/dmi/entries interface
  -t, --table <TABLE>  print the given table via the /sys/firmware/dmi/tables
  -e, --entrypoint     read SMBIOS entrypoint
  -d, --debug          enable debug output
  -h, --help           Print help
  -V, --version        Print version
